Archive member included because of file (symbol)

build/z1/contiki-ng-z1.a(leds.o)
                              led.o (leds_toggle)
build/z1/contiki-ng-z1.a(sensors.o)
                              led.o (sensors_event)
build/z1/contiki-ng-z1.a(button-sensor.o)
                              led.o (button_sensor)
build/z1/contiki-ng-z1.a(uart0-putchar.o)
                              build/z1/obj/contiki-main.o (putchar)
build/z1/contiki-ng-z1.a(z1-sensors.o)
                              build/z1/contiki-ng-z1.a(sensors.o) (sensors_flags)
build/z1/contiki-ng-z1.a(adxl345.o)
                              build/z1/contiki-ng-z1.a(z1-sensors.o) (adxl345)
build/z1/contiki-ng-z1.a(tmp102.o)
                              build/z1/contiki-ng-z1.a(z1-sensors.o) (tmp102)
build/z1/contiki-ng-z1.a(platform.o)
                              build/z1/obj/contiki-main.o (platform_init_stage_one)
build/z1/contiki-ng-z1.a(msp430.o)
                              build/z1/contiki-ng-z1.a(platform.o) (msp430_dco_required)
build/z1/contiki-ng-z1.a(clock.o)
                              build/z1/obj/contiki-main.o (clock_init)
build/z1/contiki-ng-z1.a(leds-arch.o)
                              build/z1/contiki-ng-z1.a(leds.o) (leds_arch_init)
build/z1/contiki-ng-z1.a(watchdog.o)
                              build/z1/obj/contiki-main.o (watchdog_start)
build/z1/contiki-ng-z1.a(autostart.o)
                              build/z1/obj/contiki-main.o (autostart_start)
build/z1/contiki-ng-z1.a(energest.o)
                              build/z1/obj/contiki-main.o (energest_init)
build/z1/contiki-ng-z1.a(etimer.o)
                              build/z1/contiki-ng-z1.a(clock.o) (etimer_request_poll)
build/z1/contiki-ng-z1.a(log.o)
                              build/z1/obj/contiki-main.o (log_6addr)
build/z1/contiki-ng-z1.a(ctimer.o)
                              build/z1/obj/contiki-main.o (ctimer_init)
build/z1/contiki-ng-z1.a(process.o)
                              build/z1/contiki-ng-z1.a(etimer.o) (process_current)
build/z1/contiki-ng-z1.a(rtimer.o)
                              build/z1/obj/contiki-main.o (rtimer_init)
build/z1/contiki-ng-z1.a(node-id.o)
                              build/z1/obj/contiki-main.o (node_id_init)
build/z1/contiki-ng-z1.a(timer.o)
                              build/z1/contiki-ng-z1.a(button-sensor.o) (timer_set)
build/z1/contiki-ng-z1.a(stack-check.o)
                              build/z1/obj/contiki-main.o (stack_check_init)
build/z1/contiki-ng-z1.a(list.o)
                              build/z1/contiki-ng-z1.a(ctimer.o) (list_init)
build/z1/contiki-ng-z1.a(random.o)
                              build/z1/contiki-ng-z1.a(platform.o) (random_init)
build/z1/contiki-ng-z1.a(queuebuf.o)
                              build/z1/obj/contiki-main.o (queuebuf_init)
build/z1/contiki-ng-z1.a(packetbuf.o)
                              build/z1/contiki-ng-z1.a(queuebuf.o) (packetbuf_copyto)
build/z1/contiki-ng-z1.a(netstack.o)
                              build/z1/obj/contiki-main.o (netstack_init)
build/z1/contiki-ng-z1.a(linkaddr.o)
                              build/z1/contiki-ng-z1.a(platform.o) (linkaddr_copy)
build/z1/contiki-ng-z1.a(csma.o)
                              build/z1/obj/contiki-main.o (csma_driver)
build/z1/contiki-ng-z1.a(csma-output.o)
                              build/z1/contiki-ng-z1.a(csma.o) (csma_output_packet)
build/z1/contiki-ng-z1.a(uip-ds6.o)
                              build/z1/obj/contiki-main.o (uip_ds6_get_link_local)
build/z1/contiki-ng-z1.a(uiplib.o)
                              build/z1/contiki-ng-z1.a(log.o) (uiplib_ipaddr_snprint)
build/z1/contiki-ng-z1.a(tcpip.o)
                              build/z1/obj/contiki-main.o (tcpip_process)
build/z1/contiki-ng-z1.a(uip-ds6-route.o)
                              build/z1/contiki-ng-z1.a(uip-ds6.o) (uip_ds6_route_init)
build/z1/contiki-ng-z1.a(uip-ds6-nbr.o)
                              build/z1/contiki-ng-z1.a(uip-ds6.o) (uip_ds6_neighbors_init)
build/z1/contiki-ng-z1.a(uip6.o)
                              build/z1/contiki-ng-z1.a(tcpip.o) (uip_aligned_buf)
build/z1/contiki-ng-z1.a(uip-nd6.o)
                              build/z1/contiki-ng-z1.a(uip6.o) (uip_nd6_init)
build/z1/contiki-ng-z1.a(sicslowpan.o)
                              build/z1/obj/contiki-main.o (sicslowpan_driver)
build/z1/contiki-ng-z1.a(rpl.o)
                              build/z1/obj/contiki-main.o (rpl_lite_driver)
build/z1/contiki-ng-z1.a(rpl-dag-root.o)
                              build/z1/contiki-ng-z1.a(rpl.o) (rpl_dag_root_set_prefix)
build/z1/contiki-ng-z1.a(contiki-z1-plat)
                              build/z1/contiki-ng-z1.a(platform.o) (init_platform)
build/z1/contiki-ng-z1.a(xmem.o)
                              build/z1/contiki-ng-z1.a(platform.o) (xmem_init)
build/z1/contiki-ng-z1.a(i2cmaster.o)
                              build/z1/contiki-ng-z1.a(adxl345.o) (i2c_receiveinit)
build/z1/contiki-ng-z1.a(spi-legacy.o)
[...]
Memory Configuration

Name             Origin             Length             Attributes
sfr              0x0000000000000000 0x0000000000000010
peripheral_8bit  0x0000000000000010 0x00000000000000f0
peripheral_16bit 0x0000000000000100 0x0000000000000100
ram_mirror       0x0000000000000200 0x0000000000000800 xw
infomem          0x0000000000001000 0x0000000000000100
infod            0x0000000000001000 0x0000000000000040
infoc            0x0000000000001040 0x0000000000000040
infob            0x0000000000001080 0x0000000000000040
infoa            0x00000000000010c0 0x0000000000000040
ram              0x0000000000001100 0x0000000000002000 xw
rom              0x0000000000003100 0x000000000000cebe xr
vectors          0x000000000000ffc0 0x0000000000000040
far_rom          0x0000000000010000 0x000000000000a000
bsl              0x0000000000000000 0x0000000000000000
ram2             0x0000000000000000 0x0000000000000000 xw
usbram           0x0000000000000000 0x0000000000000000 xw
*default*        0x0000000000000000 0xffffffffffffffff

Linker script and memory map

LOAD /usr/lib/gcc/msp430/4.6.3/mcpu-430x/mmpy-16/crt0ivtbl32.o
                0x0000000000000041                __P1SEL2 = 0x41
                0x0000000000000045                __P5SEL2 = 0x45
                0x00000000000028b2                _stack = _end
LOAD led.o
LOAD build/z1/obj/contiki-main.o
LOAD build/z1/contiki-ng-z1.a
LOAD /usr/lib/gcc/msp430/4.6.3/mcpu-430x/mmpy-16/libgcc.a
LOAD /usr/lib/gcc/msp430/4.6.3/../../../../msp430/lib/mcpu-430x/mmpy-16/libc.a
LOAD /usr/lib/gcc/msp430/4.6.3/mcpu-430x/mmpy-16/libgcc.a
LOAD /usr/lib/gcc/msp430/4.6.3/mcpu-430x/mmpy-16/libcrt0.a
                0x0000000000000040                PROVIDE (__info_segment_size, 0x40)
                0x0000000000001000                PROVIDE (__infod, 0x1000)
                0x0000000000001040                PROVIDE (__infoc, 0x1040)
                0x0000000000001080                PROVIDE (__infob, 0x1080)
                0x00000000000010c0                PROVIDE (__infoa, 0x10c0)
                0x0000000000000000                __IE1 = 0x0
                0x0000000000000002                __IFG1 = 0x2
                0x0000000000000001                __IE2 = 0x1
                0x0000000000000003                __IFG2 = 0x3
                0x0000000000000006                __UC1IE = 0x6
                0x0000000000000007                __UC1IFG = 0x7
                0x00000000000001a0                __ADC12CTL0 = 0x1a0
                0x00000000000001a2                __ADC12CTL1 = 0x1a2
                0x00000000000001a4                __ADC12IFG = 0x1a4
                0x00000000000001a6                __ADC12IE = 0x1a6
                0x00000000000001a8                __ADC12IV = 0x1a8
                0x0000000000000140                __ADC12MEM0 = 0x140
                0x0000000000000142                __ADC12MEM1 = 0x142
                0x0000000000000144                __ADC12MEM2 = 0x144
                0x0000000000000146                __ADC12MEM3 = 0x146
                0x0000000000000148                __ADC12MEM4 = 0x148
                0x000000000000014a                __ADC12MEM5 = 0x14a
                0x000000000000014c                __ADC12MEM6 = 0x14c
                0x000000000000014e                __ADC12MEM7 = 0x14e
                0x0000000000000150                __ADC12MEM8 = 0x150
                0x0000000000000152                __ADC12MEM9 = 0x152
                0x0000000000000154                __ADC12MEM10 = 0x154
                0x0000000000000156                __ADC12MEM11 = 0x156
                0x0000000000000158                __ADC12MEM12 = 0x158
                0x000000000000015a                __ADC12MEM13 = 0x15a
                0x000000000000015c                __ADC12MEM14 = 0x15c
                0x000000000000015e                __ADC12MEM15 = 0x15e
                0x0000000000000080                __ADC12MCTL0 = 0x80
                0x0000000000000081                __ADC12MCTL1 = 0x81
                0x0000000000000082                __ADC12MCTL2 = 0x82
                0x0000000000000083                __ADC12MCTL3 = 0x83
                0x0000000000000084                __ADC12MCTL4 = 0x84
                0x0000000000000085                __ADC12MCTL5 = 0x85
                0x0000000000000086                __ADC12MCTL6 = 0x86
                0x0000000000000087                __ADC12MCTL7 = 0x87
                0x0000000000000088                __ADC12MCTL8 = 0x88
                0x0000000000000089                __ADC12MCTL9 = 0x89
                0x000000000000008a                __ADC12MCTL10 = 0x8a
                0x000000000000008b                __ADC12MCTL11 = 0x8b
                0x000000000000008c                __ADC12MCTL12 = 0x8c
                0x000000000000008d                __ADC12MCTL13 = 0x8d
                0x000000000000008e                __ADC12MCTL14 = 0x8e
                0x000000000000008f                __ADC12MCTL15 = 0x8f
                0x0000000000000056                __DCOCTL = 0x56
                0x0000000000000057                __BCSCTL1 = 0x57
                0x0000000000000058                __BCSCTL2 = 0x58
                0x0000000000000053                __BCSCTL3 = 0x53
                0x0000000000000059                __CACTL1 = 0x59
                0x000000000000005a                __CACTL2 = 0x5a
                0x000000000000005b                __CAPD = 0x5b
                0x00000000000001c0                __DAC12_0CTL = 0x1c0
                0x00000000000001c2                __DAC12_1CTL = 0x1c2
                0x00000000000001c8                __DAC12_0DAT = 0x1c8
                0x00000000000001ca                __DAC12_1DAT = 0x1ca
                0x0000000000000122                __DMACTL0 = 0x122
                0x0000000000000124                __DMACTL1 = 0x124
                0x0000000000000126                __DMAIV = 0x126
                0x00000000000001d0                __DMA0CTL = 0x1d0
                0x00000000000001dc                __DMA1CTL = 0x1dc
                0x00000000000001e8                __DMA2CTL = 0x1e8
                0x00000000000001d2                __DMA0SA = 0x1d2
                0x00000000000001d2                __DMA0SAL = 0x1d2
                0x00000000000001d6                __DMA0DA = 0x1d6
                0x00000000000001d6                __DMA0DAL = 0x1d6
                0x00000000000001da                __DMA0SZ = 0x1da
                0x00000000000001de                __DMA1SA = 0x1de
                0x00000000000001de                __DMA1SAL = 0x1de
                0x00000000000001e2                __DMA1DA = 0x1e2
                0x00000000000001e2                __DMA1DAL = 0x1e2
                0x00000000000001e6                __DMA1SZ = 0x1e6
                0x00000000000001ea                __DMA2SA = 0x1ea
                0x00000000000001ea                __DMA2SAL = 0x1ea
                0x00000000000001ee                __DMA2DA = 0x1ee
                0x00000000000001ee                __DMA2DAL = 0x1ee
                0x00000000000001f2                __DMA2SZ = 0x1f2
                0x0000000000000128                __FCTL1 = 0x128
                0x000000000000012a                __FCTL2 = 0x12a
                0x000000000000012c                __FCTL3 = 0x12c
                0x00000000000001be                __FCTL4 = 0x1be
                0x0000000000000130                __MPY = 0x130
                0x0000000000000132                __MPYS = 0x132
                0x0000000000000134                __MAC = 0x134
                0x0000000000000136                __MACS = 0x136
                0x0000000000000138                __OP2 = 0x138
                0x000000000000013a                __RESLO = 0x13a
                0x000000000000013c                __RESHI = 0x13c
                0x000000000000013e                __SUMEXT = 0x13e
                0x0000000000000020                __P1IN = 0x20
                0x0000000000000021                __P1OUT = 0x21
                0x0000000000000022                __P1DIR = 0x22
                0x0000000000000023                __P1IFG = 0x23
                0x0000000000000024                __P1IES = 0x24
                0x0000000000000025                __P1IE = 0x25
                0x0000000000000026                __P1SEL = 0x26
                0x0000000000000027                __P1REN = 0x27
                0x0000000000000028                __P2IN = 0x28
                0x0000000000000029                __P2OUT = 0x29
                0x000000000000002a                __P2DIR = 0x2a
                0x000000000000002b                __P2IFG = 0x2b
                0x000000000000002c                __P2IES = 0x2c
                0x000000000000002d                __P2IE = 0x2d
                0x000000000000002e                __P2SEL = 0x2e
                0x000000000000002f                __P2REN = 0x2f
                0x0000000000000018                __P3IN = 0x18
                0x0000000000000019                __P3OUT = 0x19
                0x000000000000001a                __P3DIR = 0x1a
                0x000000000000001b                __P3SEL = 0x1b
                0x0000000000000010                __P3REN = 0x10
                0x000000000000001c                __P4IN = 0x1c
                0x000000000000001d                __P4OUT = 0x1d
                0x000000000000001e                __P4DIR = 0x1e
                0x000000000000001f                __P4SEL = 0x1f
                0x0000000000000011                __P4REN = 0x11
                0x0000000000000030                __P5IN = 0x30
                0x0000000000000031                __P5OUT = 0x31
                0x0000000000000032                __P5DIR = 0x32
                0x0000000000000033                __P5SEL = 0x33
                0x0000000000000012                __P5REN = 0x12
                0x0000000000000034                __P6IN = 0x34
                0x0000000000000035                __P6OUT = 0x35
                0x0000000000000036                __P6DIR = 0x36
                0x0000000000000037                __P6SEL = 0x37
                0x0000000000000013                __P6REN = 0x13
                0x0000000000000038                __P7IN = 0x38
                0x000000000000003a                __P7OUT = 0x3a
                0x000000000000003c                __P7DIR = 0x3c
                0x000000000000003e                __P7SEL = 0x3e
                0x0000000000000014                __P7REN = 0x14
                0x0000000000000039                __P8IN = 0x39
                0x000000000000003b                __P8OUT = 0x3b
                0x000000000000003d                __P8DIR = 0x3d
                0x000000000000003f                __P8SEL = 0x3f
                0x0000000000000015                __P8REN = 0x15
                0x0000000000000038                __PAIN = 0x38
                0x000000000000003a                __PAOUT = 0x3a
                0x000000000000003c                __PADIR = 0x3c
                0x000000000000003e                __PASEL = 0x3e
                0x0000000000000014                __PAREN = 0x14
                0x0000000000000055                __SVSCTL = 0x55
                0x000000000000012e                __TAIV = 0x12e
                0x0000000000000160                __TACTL = 0x160
                0x0000000000000162                __TACCTL0 = 0x162
                0x0000000000000164                __TACCTL1 = 0x164
                0x0000000000000166                __TACCTL2 = 0x166
                0x0000000000000170                __TAR = 0x170
                0x0000000000000172                __TACCR0 = 0x172
                0x0000000000000174                __TACCR1 = 0x174
                0x0000000000000176                __TACCR2 = 0x176
                0x000000000000011e                __TBIV = 0x11e
                0x0000000000000180                __TBCTL = 0x180
                0x0000000000000182                __TBCCTL0 = 0x182
                0x0000000000000184                __TBCCTL1 = 0x184
                0x0000000000000186                __TBCCTL2 = 0x186
                0x0000000000000188                __TBCCTL3 = 0x188
                0x000000000000018a                __TBCCTL4 = 0x18a
                0x000000000000018c                __TBCCTL5 = 0x18c
                0x000000000000018e                __TBCCTL6 = 0x18e
                0x0000000000000190                __TBR = 0x190
                0x0000000000000192                __TBCCR0 = 0x192
                0x0000000000000194                __TBCCR1 = 0x194
                0x0000000000000196                __TBCCR2 = 0x196
                0x0000000000000198                __TBCCR3 = 0x198
                0x000000000000019a                __TBCCR4 = 0x19a
                0x000000000000019c                __TBCCR5 = 0x19c
                0x000000000000019e                __TBCCR6 = 0x19e
                0x0000000000000060                __UCA0CTL0 = 0x60
                0x0000000000000061                __UCA0CTL1 = 0x61
                0x0000000000000062                __UCA0BR0 = 0x62
                0x0000000000000063                __UCA0BR1 = 0x63
                0x0000000000000064                __UCA0MCTL = 0x64
                0x0000000000000065                __UCA0STAT = 0x65
                0x0000000000000066                __UCA0RXBUF = 0x66
                0x0000000000000067                __UCA0TXBUF = 0x67
                0x000000000000005d                __UCA0ABCTL = 0x5d
                0x000000000000005e                __UCA0IRTCTL = 0x5e
                0x000000000000005f                __UCA0IRRCTL = 0x5f
                0x0000000000000068                __UCB0CTL0 = 0x68
                0x0000000000000069                __UCB0CTL1 = 0x69
                0x000000000000006a                __UCB0BR0 = 0x6a
                0x000000000000006b                __UCB0BR1 = 0x6b
                0x000000000000006c                __UCB0I2CIE = 0x6c
                0x000000000000006d                __UCB0STAT = 0x6d
                0x000000000000006e                __UCB0RXBUF = 0x6e
                0x000000000000006f                __UCB0TXBUF = 0x6f
                0x0000000000000118                __UCB0I2COA = 0x118
                0x000000000000011a                __UCB0I2CSA = 0x11a
                0x00000000000000d0                __UCA1CTL0 = 0xd0
                0x00000000000000d1                __UCA1CTL1 = 0xd1
                0x00000000000000d2                __UCA1BR0 = 0xd2
                0x00000000000000d3                __UCA1BR1 = 0xd3
                0x00000000000000d4                __UCA1MCTL = 0xd4
                0x00000000000000d5                __UCA1STAT = 0xd5
                0x00000000000000d6                __UCA1RXBUF = 0xd6
                0x00000000000000d7                __UCA1TXBUF = 0xd7
                0x00000000000000cd                __UCA1ABCTL = 0xcd
                0x00000000000000ce                __UCA1IRTCTL = 0xce
                0x00000000000000cf                __UCA1IRRCTL = 0xcf
                0x00000000000000d8                __UCB1CTL0 = 0xd8
                0x00000000000000d9                __UCB1CTL1 = 0xd9
                0x00000000000000da                __UCB1BR0 = 0xda
                0x00000000000000db                __UCB1BR1 = 0xdb
                0x00000000000000dc                __UCB1I2CIE = 0xdc
                0x00000000000000dd                __UCB1STAT = 0xdd
                0x00000000000000de                __UCB1RXBUF = 0xde
                0x00000000000000df                __UCB1TXBUF = 0xdf
                0x000000000000017c                __UCB1I2COA = 0x17c
                0x000000000000017e                __UCB1I2CSA = 0x17e
                0x0000000000000120                __WDTCTL = 0x120
                0x00000000000010c0                __TLV_CHECKSUM = 0x10c0
                0x00000000000010f6                __TLV_DCO_30_TAG = 0x10f6
                0x00000000000010f7                __TLV_DCO_30_LEN = 0x10f7
                0x00000000000010da                __TLV_ADC12_1_TAG = 0x10da
                0x00000000000010db                __TLV_ADC12_1_LEN = 0x10db
                0x00000000000010f8                __CALDCO_16MHZ = 0x10f8
                0x00000000000010f9                __CALBC1_16MHZ = 0x10f9
                0x00000000000010fa                __CALDCO_12MHZ = 0x10fa
                0x00000000000010fb                __CALBC1_12MHZ = 0x10fb
                0x00000000000010fc                __CALDCO_8MHZ = 0x10fc
                0x00000000000010fd                __CALBC1_8MHZ = 0x10fd
                0x00000000000010fe                __CALDCO_1MHZ = 0x10fe
                0x00000000000010ff                __CALBC1_1MHZ = 0x10ff

.hash
 *(.hash)

.dynsym
 *(.dynsym)

.dynstr
 *(.dynstr)

.gnu.version
 *(.gnu.version)

.gnu.version_d
 *(.gnu.version_d)

.gnu.version_r
 *(.gnu.version_r)

.rel.init
 *(.rel.init)

.rela.init
 *(.rela.init)

.rel.fini
 *(.rel.fini)

.rela.fini
 *(.rela.fini)

.rel.text
 *(.rel.text .rel.text.* .rel.gnu.linkonce.t.*)

.rela.text
 *(.rela.text .rela.text.* .rela.gnu.linkonce.t.*)

.rel.rodata
 *(.rel.rodata .rel.rodata.* .rel.gnu.linkonce.r.*)

.rela.rodata
 *(.rela.rodata .rela.rodata.* .rela.gnu.linkonce.r.*)

.rel.data
 *(.rel.data .rel.data.* .rel.gnu.linkonce.d.*)

.rela.data
 *(.rela.data .rela.data.* .rela.gnu.linkonce.d.*)

.rel.bss
 *(.rel.bss .rel.bss.* .rel.gnu.linkonce.b.*)

.rela.bss
 *(.rela.bss .rela.bss.* .rela.gnu.linkonce.b.*)

.rel.ctors
 *(.rel.ctors)

.rela.ctors
 *(.rela.ctors)

.rel.dtors
 *(.rel.dtors)

.rela.dtors
 *(.rela.dtors)

.rel.got
 *(.rel.got)

.rela.got
 *(.rela.got)

.rel.plt
 *(.rel.plt)

.rela.plt
 *(.rela.plt)

.text           0x0000000000003100     0xb8c2
                0x0000000000003100                . = ALIGN (0x2)
 *(.init .init.*)
 *(.init0)
 .init0         0x0000000000003100        0x0 /usr/lib/gcc/msp430/4.6.3/mcpu-430x/mmpy-16/libcrt0.a(_reset_vector__.o)
                0x0000000000003100                _reset_vector__
 *(.init1)
 .init1         0x0000000000003100        0xc /usr/lib/gcc/msp430/4.6.3/mcpu-430x/mmpy-16/libcrt0.a(__watchdog_support.o)
                0x0000000000003100                __watchdog_support
 *(.init2)
 .init2         0x000000000000310c        0x4 /usr/lib/gcc/msp430/4.6.3/mcpu-430x/mmpy-16/libcrt0.a(__init_stack.o)
                0x000000000000310c                __init_stack
 *(.init3)
 .init3         0x0000000000003110        0x0 /usr/lib/gcc/msp430/4.6.3/mcpu-430x/mmpy-16/libcrt0.a(__low_level_init.o)
                0x0000000000003110                __low_level_init
 *(.init4)
 .init4         0x0000000000003110       0x18 /usr/lib/gcc/msp430/4.6.3/mcpu-430x/mmpy-16/libcrt0.a(_copy_data.o)
                0x0000000000003110                __do_copy_data
 .init4         0x0000000000003128       0x16 /usr/lib/gcc/msp430/4.6.3/mcpu-430x/mmpy-16/libcrt0.a(_clear_bss.o)
                0x0000000000003128                __do_clear_bss
 *(.init5)
 *(.init6)
 *(.init7)
 *(.init8)
 *(.init9)
 .init9         0x000000000000313e      0x232 build/z1/obj/contiki-main.o
                0x000000000000313e                main
 *(.fini9)
 .fini9         0x0000000000003370        0x0 /usr/lib/gcc/msp430/4.6.3/mcpu-430x/mmpy-16/libcrt0.a(__stop_progExec__.o)
                0x0000000000003370                __stop_progExec__
 *(.fini8)
 *(.fini7)
 *(.fini6)
 *(.fini5)
 *(.fini4)
 *(.fini3)
 *(.fini2)
 *(.fini1)
 *(.fini0)
 .fini0         0x0000000000003370        0x6 /usr/lib/gcc/msp430/4.6.3/mcpu-430x/mmpy-16/libcrt0.a(_endless_loop__.o)
                0x0000000000003370                _endless_loop__
 *(.fini .fini.*)
                0x0000000000003376                . = ALIGN (0x2)
                0x0000000000003376                __ctors_start = .
 *(.ctors)
                0x0000000000003376                __ctors_end = .
                0x0000000000003376                __dtors_start = .
 *(.dtors)
                0x0000000000003376                __dtors_end = .
                0x0000000000003376                . = ALIGN (0x2)
 *(.text .text.* .gnu.linkonce.t.*)
 .text          0x0000000000003376        0x4 /usr/lib/gcc/msp430/4.6.3/mcpu-430x/mmpy-16/crt0ivtbl32.o
                0x0000000000003376                __isr_14
                0x0000000000003376                __isr_4
                0x0000000000003376                __isr_29
                0x0000000000003376                __isr_11
                0x0000000000003376                __isr_5
                0x0000000000003376                __isr_2
                0x0000000000003376                __isr_10
                0x0000000000003376                __isr_7
                0x0000000000003376                __isr_0
                0x0000000000003376                __isr_28
                0x0000000000003376                __isr_8
                0x0000000000003376                __isr_20
                0x0000000000003376                __isr_3
                0x0000000000003376                __isr_12
                0x0000000000003376                __isr_13
                0x0000000000003376                __isr_27
                0x0000000000003376                __isr_9
                0x0000000000003376                __isr_30
                0x0000000000003376                __isr_6
                0x0000000000003376                __isr_22
                0x0000000000003376                __isr_1
                0x0000000000003376                __isr_15
                0x0000000000003376                __isr_21
 .text.crt0     0x000000000000337a        0x0 /usr/lib/gcc/msp430/4.6.3/mcpu-430x/mmpy-16/crt0ivtbl32.o
 .text          0x000000000000337a       0x5c led.o
 .text          0x00000000000033d6        0x0 build/z1/obj/contiki-main.o
 .text          0x00000000000033d6       0x6a build/z1/contiki-ng-z1.a(leds.o)
                0x00000000000033d6                leds_init
                0x00000000000033dc                leds_get
                0x00000000000033e2                leds_set
                0x00000000000033e8                leds_on
                0x00000000000033fa                leds_off
                0x000000000000340c                leds_toggle
                0x000000000000341e                leds_blink
 .text          0x0000000000003440      0x158 build/z1/contiki-ng-z1.a(sensors.o)
                0x00000000000034fe                sensors_first
                0x0000000000003504                sensors_next
                0x0000000000003530                sensors_changed
                0x000000000000355a                sensors_find
 .text          0x0000000000003598       0xc6 build/z1/contiki-ng-z1.a(button-sensor.o)
                0x0000000000003622                irq_p2
                0x0000000000003622                __isr_19
 .text          0x000000000000365e       0x10 build/z1/contiki-ng-z1.a(uart0-putchar.o)
                0x000000000000365e                putchar
 .text          0x000000000000366e        0x0 build/z1/contiki-ng-z1.a(z1-sensors.o)
 .text          0x000000000000366e      0x35a build/z1/contiki-ng-z1.a(adxl345.o)
                0x0000000000003782                accm_read_axis
                0x0000000000003808                accm_set_grange
                0x0000000000003838                accm_init
                0x00000000000038ae                accm_stop
                0x0000000000003906                accm_set_irq
                0x000000000000393e                port1_isr
                0x000000000000393e                __isr_18
 .text          0x00000000000039c8      0x172 build/z1/contiki-ng-z1.a(tmp102.o)
                0x00000000000039da                tmp102_init
                0x00000000000039fe                tmp102_stop
                0x0000000000003a30                tmp102_write_reg
                0x0000000000003a68                tmp102_read_reg
                0x0000000000003ac8                tmp102_read_temp_raw
                0x0000000000003ad0                tmp102_read_temp_x100
                0x0000000000003b2c                tmp102_read_temp_simple
 .text          0x0000000000003b3a      0x198 build/z1/contiki-ng-z1.a(platform.o)
                0x0000000000003b3a                uip_log
                0x0000000000003b40                platform_init_stage_one
                0x0000000000003b52                platform_init_stage_two
                0x0000000000003c0c                platform_init_stage_three
                0x0000000000003c7e                platform_idle
 .text          0x0000000000003cd2       0xe8 build/z1/contiki-ng-z1.a(msp430.o)
                0x0000000000003cd2                msp430_init_dco
                0x0000000000003cfa                msp430_add_lpm_req
                0x0000000000003d06                msp430_remove_lpm_req
                0x0000000000003d12                splhigh_
                0x0000000000003d1a                msp430_sync_dco
                0x0000000000003d8c                msp430_cpu_init
 .text          0x0000000000003dba      0x1ae build/z1/contiki-ng-z1.a(clock.o)
                0x0000000000003dba                __isr_24
                0x0000000000003dba                timera1
                0x0000000000003e8a                clock_time
                0x0000000000003ea4                clock_set
                0x0000000000003eba                clock_fine_max
                0x0000000000003ec0                clock_fine
                0x0000000000003ecc                clock_init
                0x0000000000003ef4                clock_delay
                0x0000000000003f00                clock_wait
                0x0000000000003f28                clock_set_seconds
                0x0000000000003f40                clock_seconds
                0x0000000000003f5a                clock_counter
 .text          0x0000000000003f68       0x84 build/z1/contiki-ng-z1.a(leds-arch.o)
                0x0000000000003f68                leds_arch_init
                0x0000000000003f76                leds_arch_get
                0x0000000000003fac                leds_arch_set
 .text          0x0000000000003fec       0x5c build/z1/contiki-ng-z1.a(watchdog.o)
                0x0000000000003fec                __isr_26
                0x0000000000003fec                watchdog_interrupt
                0x0000000000003ff2                watchdog_start
                0x0000000000004006                watchdog_periodic
                0x0000000000004018                watchdog_stop
                0x000000000000402e                watchdog_init
                0x0000000000004042                watchdog_reboot
 .text          0x0000000000004048       0x2a build/z1/contiki-ng-z1.a(autostart.o)
                0x0000000000004048                autostart_start
                0x000000000000405e                autostart_exit
 .text          0x0000000000004072        0xe build/z1/contiki-ng-z1.a(energest.o)
                0x0000000000004072                energest_init
                0x0000000000004074                energest_flush
                0x0000000000004076                energest_get_total_time
 .text          0x0000000000004080      0x270 build/z1/contiki-ng-z1.a(etimer.o)
                0x00000000000040f0                etimer_request_poll
                0x00000000000041fa                etimer_set
                0x000000000000420c                etimer_reset_with_new_interval
                0x000000000000422a                etimer_reset
                0x000000000000423c                etimer_restart
                0x000000000000424e                etimer_adjust
                0x0000000000004268                etimer_expired
                0x0000000000004276                etimer_expiration_time
                0x000000000000428a                etimer_start_time
                0x0000000000004292                etimer_pending
                0x000000000000429e                etimer_next_expiration_time
                0x00000000000042b4                etimer_stop
 .text          0x00000000000042f0      0x202 build/z1/contiki-ng-z1.a(log.o)
                0x00000000000042f0                log_6addr
                0x0000000000004322                log_6addr_compact_snprint
                0x000000000000437e                log_6addr_compact
                0x00000000000043ac                log_lladdr
                0x00000000000043ec                log_lladdr_compact
                0x000000000000442a                log_bytes
                0x0000000000004450                log_set_level
                0x000000000000449c                log_get_level
                0x00000000000044de                log_level_to_str
 .text          0x00000000000044f2      0x1c4 build/z1/contiki-ng-z1.a(ctimer.o)
                0x000000000000458e                ctimer_init
                0x00000000000045a6                ctimer_set_with_process
                0x00000000000045f4                ctimer_set
                0x0000000000004604                ctimer_reset
                0x0000000000004630                ctimer_restart
                0x000000000000465c                ctimer_stop
                0x0000000000004684                ctimer_expired
 .text          0x00000000000046b6      0x282 build/z1/contiki-ng-z1.a(process.o)
                0x00000000000047b6                process_alloc_event
                0x00000000000047c4                process_exit
                0x00000000000047ce                process_init
                0x00000000000047ea                process_run
                0x0000000000004876                process_nevents
                0x0000000000004884                process_post
                0x00000000000048ce                process_post_synch
                0x00000000000048e0                process_start
                0x0000000000004912                process_poll
                0x000000000000492a                process_is_running
 .text          0x0000000000004938       0x50 build/z1/contiki-ng-z1.a(rtimer.o)
                0x0000000000004938                rtimer_init
                0x000000000000493e                rtimer_set
                0x0000000000004962                rtimer_run_next
 .text          0x0000000000004988       0x14 build/z1/contiki-ng-z1.a(node-id.o)
                0x0000000000004988                node_id_init
 .text          0x000000000000499c       0x9a build/z1/contiki-ng-z1.a(timer.o)
                0x000000000000499c                timer_set
                0x00000000000049b8                timer_restart
                0x00000000000049cc                timer_expired
                0x00000000000049f6                timer_reset
                0x0000000000004a12                timer_remaining
 .text          0x0000000000004a36      0x178 build/z1/contiki-ng-z1.a(stack-check.o)
                0x0000000000004a36                stack_check_init
                0x0000000000004a64                stack_check_get_usage
                0x0000000000004b92                stack_check_get_reserved_size
 .text          0x0000000000004bae      0x114 build/z1/contiki-ng-z1.a(list.o)
                0x0000000000004bae                list_init
                0x0000000000004bb4                list_head
                0x0000000000004bb8                list_copy
                0x0000000000004bbe                list_tail
                0x0000000000004bd0                list_chop
                0x0000000000004bf4                list_pop
                0x0000000000004c02                list_remove
                0x0000000000004c36                list_push
                0x0000000000004c4c                list_add
                0x0000000000004c72                list_length
                0x0000000000004c82                list_insert
                0x0000000000004ca4                list_item_next
                0x0000000000004cb0                list_contains
 .text          0x0000000000004cc2        0xc build/z1/contiki-ng-z1.a(random.o)
                0x0000000000004cc2                random_init
                0x0000000000004cc8                random_rand
 .text          0x0000000000004cce      0x13c build/z1/contiki-ng-z1.a(queuebuf.o)
                0x0000000000004cce                queuebuf_init
                0x0000000000004ce0                queuebuf_numfree
                0x0000000000004cea                queuebuf_new_from_packetbuf
                0x0000000000004d38                queuebuf_update_attr_from_packetbuf
                0x0000000000004d4a                queuebuf_update_from_packetbuf
                0x0000000000004d6c                queuebuf_free
                0x0000000000004d96                queuebuf_to_packetbuf
                0x0000000000004dc8                queuebuf_dataptr
                0x0000000000004de4                queuebuf_datalen
                0x0000000000004dec                queuebuf_addr
                0x0000000000004dfa                queuebuf_attr
                0x0000000000004e08                queuebuf_debug_print
 .text          0x0000000000004e0a      0x1c0 build/z1/contiki-ng-z1.a(packetbuf.o)
                0x0000000000004e0a                packetbuf_hdrreduce
                0x0000000000004e24                packetbuf_set_datalen
                0x0000000000004e2a                packetbuf_hdrptr
                0x0000000000004e30                packetbuf_datalen
                0x0000000000004e36                packetbuf_hdrlen
                0x0000000000004e40                packetbuf_dataptr
                0x0000000000004e4c                packetbuf_copyto
                0x0000000000004e86                packetbuf_totlen
                0x0000000000004e92                packetbuf_hdralloc
                0x0000000000004ecc                packetbuf_remaininglen
                0x0000000000004eda                packetbuf_attr_clear
                0x0000000000004f02                packetbuf_clear
                0x0000000000004f14                packetbuf_copyfrom
                0x0000000000004f3e                packetbuf_attr_copyto
                0x0000000000004f60                packetbuf_attr_copyfrom
                0x0000000000004f84                packetbuf_set_attr
                0x0000000000004f90                packetbuf_attr
                0x0000000000004f9a                packetbuf_set_addr
                0x0000000000004fae                packetbuf_addr
                0x0000000000004fbc                packetbuf_holds_broadcast
 .text          0x0000000000004fca       0x74 build/z1/contiki-ng-z1.a(netstack.o)
                0x0000000000004fca                netstack_process_ip_callback
                0x0000000000005014                netstack_ip_packet_processor_add
                0x0000000000005024                uip_ds6_ip_packet_processor_rm
                0x0000000000005030                netstack_init
 .text          0x000000000000503e       0x26 build/z1/contiki-ng-z1.a(linkaddr.o)
                0x000000000000503e                linkaddr_copy
                0x0000000000005046                linkaddr_cmp
                0x0000000000005058                linkaddr_set_node_addr
 .text          0x0000000000005064       0xba build/z1/contiki-ng-z1.a(csma.o)
 .text          0x000000000000511e      0x416 build/z1/contiki-ng-z1.a(csma-output.o)
                0x00000000000053a8                csma_output_packet
                0x000000000000551a                csma_output_init
 .text          0x0000000000005534      0x6ea build/z1/contiki-ng-z1.a(uip-ds6.o)
                0x0000000000005534                uip_ds6_default_prefix
                0x000000000000553a                uip_ds6_set_default_prefix
                0x000000000000554a                uip_ds6_list_loop
                0x00000000000055bc                uip_ds6_prefix_add
                0x000000000000562c                uip_ds6_prefix_rm
                0x0000000000005636                uip_ds6_prefix_lookup
                0x000000000000565e                uip_ds6_is_addr_onlink
                0x00000000000056a0                uip_ds6_addr_lookup
                0x00000000000056ca                uip_ds6_get_link_local
                0x0000000000005708                uip_ds6_get_global
                0x0000000000005746                uip_ds6_maddr_add
                0x000000000000578e                uip_ds6_addr_add
                0x0000000000005842                uip_ds6_maddr_rm
                0x000000000000584c                uip_ds6_maddr_lookup
                0x0000000000005876                uip_ds6_addr_rm
                0x00000000000058ca                uip_ds6_periodic
                0x0000000000005910                uip_ds6_aaddr_add
                0x0000000000005956                uip_ds6_aaddr_rm
                0x0000000000005960                uip_ds6_aaddr_lookup
                0x0000000000005988                uip_ds6_set_addr_iid
                0x000000000000599c                uip_ds6_set_lladdr_from_iid
                0x00000000000059b0                get_match_length
                0x00000000000059ea                uip_ds6_select_src
                0x0000000000005a84                uip_ds6_compute_reachable_time
                0x0000000000005aba                uip_ds6_init
 .text          0x0000000000005c1e      0x2ba build/z1/contiki-ng-z1.a(uiplib.o)
                0x0000000000005c1e                uiplib_ip6addrconv
                0x0000000000005d1a                uiplib_ip4addrconv
                0x0000000000005d94                uiplib_ipaddr_snprint
                0x0000000000005ea6                uiplib_ipaddr_print
 .text          0x0000000000005ed8      0x2bc build/z1/contiki-ng-z1.a(tcpip.o)
                0x0000000000005ed8                tcpip_output
                0x0000000000005efa                udp_attach
                0x0000000000005f06                udp_new
                0x0000000000005f20                udp_broadcast_new
                0x0000000000005f66                tcpip_input
                0x0000000000005f84                tcpip_ipv6_output
                0x000000000000615c                tcpip_poll_udp
                0x000000000000616a                tcpip_uipcall
 .text          0x0000000000006194      0x186 build/z1/contiki-ng-z1.a(uip-ds6-route.o)
                0x0000000000006194                uip_ds6_route_init
                0x00000000000061a6                uip_ds6_route_count_nexthop_neighbors
                0x00000000000061aa                uip_ds6_route_nexthop
                0x00000000000061ae                uip_ds6_route_head
                0x00000000000061b2                uip_ds6_route_next
                0x00000000000061b6                uip_ds6_route_is_nexthop
                0x00000000000061ba                uip_ds6_route_num_routes
                0x00000000000061be                uip_ds6_route_lookup
                0x00000000000061c2                uip_ds6_route_add
                0x00000000000061c6                uip_ds6_route_rm
                0x00000000000061c8                uip_ds6_route_rm_by_nexthop
                0x00000000000061ca                uip_ds6_defrt_head
                0x00000000000061d4                uip_ds6_defrt_rm
                0x000000000000620c                uip_ds6_defrt_lookup
                0x0000000000006246                uip_ds6_defrt_add
                0x00000000000062ac                uip_ds6_defrt_choose
                0x00000000000062e2                uip_ds6_defrt_periodic
 .text          0x000000000000631a      0x176 build/z1/contiki-ng-z1.a(uip-ds6-nbr.o)
                0x000000000000631a                uip_ds6_nbr_rm
                0x0000000000006338                uip_ds6_neighbors_init
                0x000000000000634a                uip_ds6_nbr_add
                0x0000000000006380                uip_ds6_nbr_get_ipaddr
                0x0000000000006382                uip_ds6_nbr_get_ll
                0x000000000000638e                uip_ds6_nbr_num
                0x00000000000063b2                uip_ds6_nbr_head
                0x00000000000063bc                uip_ds6_nbr_next
                0x00000000000063c8                uip_ds6_nbr_lookup
                0x00000000000063fc                uip_ds6_nbr_ll_lookup
                0x0000000000006408                uip_ds6_nbr_update_ll
                0x0000000000006476                uip_ds6_nbr_ipaddr_from_lladdr
                0x000000000000647c                uip_ds6_nbr_lladdr_from_ipaddr
                0x000000000000648e                uip_ds6_link_callback
 .text          0x0000000000006490      0x76c build/z1/contiki-ng-z1.a(uip6.o)
                0x0000000000006518                uip_chksum
                0x0000000000006530                uip_icmp6chksum
                0x000000000000653a                uip_udpchksum
                0x0000000000006544                uip_init
                0x0000000000006568                uip_remove_ext_hdr
                0x00000000000065c6                uip_udp_new
                0x000000000000664a                uip_process
                0x0000000000006b4a                uip_htons
                0x0000000000006b56                uip_htonl
                0x0000000000006b80                uip_send
 .text.unlikely
                0x0000000000006bfc       0xc6 build/z1/contiki-ng-z1.a(uip6.o)
 .text          0x0000000000006cc2      0x29a build/z1/contiki-ng-z1.a(uip-nd6.o)
                0x0000000000006f52                uip_nd6_init
 .text          0x0000000000006f5c     0x1980 build/z1/contiki-ng-z1.a(sicslowpan.o)
                0x0000000000006fb0                sicslowpan_init
                0x00000000000088ca                netstack_sniffer_add
                0x00000000000088d0                netstack_sniffer_remove
                0x00000000000088d6                sicslowpan_get_last_rssi
 .text          0x00000000000088dc      0x29c build/z1/contiki-ng-z1.a(rpl.o)
                0x00000000000088dc                rpl_has_joined
                0x00000000000088f2                rpl_is_reachable
                0x000000000000890c                rpl_get_leaf_only
                0x00000000000089b4                rpl_link_callback
                0x00000000000089d2                rpl_lollipop_greater_than
                0x0000000000008a16                rpl_get_global_address
                0x0000000000008a9e                rpl_reset_prefix
                0x0000000000008ac2                rpl_set_prefix_from_addr
                0x0000000000008b44                rpl_set_prefix
                0x0000000000008b72                rpl_set_leaf_only
 .text          0x0000000000008b78      0x134 build/z1/contiki-ng-z1.a(rpl-dag-root.o)
                0x0000000000008b78                rpl_dag_root_set_prefix
                0x0000000000008bd6                rpl_dag_root_start
                0x0000000000008c56                rpl_dag_root_is_root
                0x0000000000008c6e                rpl_dag_root_print_links
 .text          0x0000000000008cac        0xc build/z1/contiki-ng-z1.a(contiki-z1-plat)
                0x0000000000008cac                init_platform
 .text          0x0000000000008cb8      0x2d8 build/z1/contiki-ng-z1.a(xmem.o)
                0x0000000000008d30                xmem_init
                0x0000000000008d4e                xmem_pread
                0x0000000000008de4                xmem_pwrite
                0x0000000000008eda                xmem_erase
 .text          0x0000000000008f90      0x1b2 build/z1/contiki-ng-z1.a(i2cmaster.o)
                0x0000000000008f90                i2c_setrate
                0x0000000000008f96                i2c_receiveinit
                0x0000000000008fce                i2c_transmitinit
                0x0000000000009000                i2c_receive_n
                0x0000000000009044                i2c_busy
                0x000000000000904e                i2c_enable
                0x0000000000009072                i2c_disable
                0x000000000000908c                i2c_transmit_n
                0x00000000000090a0                __isr_16
                0x00000000000090a0                i2c_tx_interrupt
                0x000000000000912a                i2c_rx_interrupt
                0x000000000000912a                __isr_17
 .text          0x0000000000009142       0x38 build/z1/contiki-ng-z1.a(spi-legacy.o)
                0x0000000000009142                spi_init
 .text          0x000000000000917a      0xb4e build/z1/contiki-ng-z1.a(cc2420.o)
                0x0000000000009556                cc2420_on
                0x00000000000095f0                cc2420_off
                0x0000000000009822                cc2420_get_channel
                0x0000000000009828                cc2420_set_channel
                0x0000000000009862                cc2420_set_pan_addr
                0x00000000000098ae                cc2420_interrupt
                0x00000000000098c6                cc2420_set_txpower
                0x00000000000098f4                cc2420_get_txpower
                0x0000000000009912                cc2420_rssi
                0x0000000000009a76                cc2420_set_cca_threshold
                0x0000000000009bd8                cc2420_init
 .text          0x0000000000009cc8       0x1a build/z1/contiki-ng-z1.a(cc2420-arch.o)
                0x0000000000009cc8                cc2420_arch_init
 .text          0x0000000000009ce2       0x9a build/z1/contiki-ng-z1.a(node-id-z1.o)
                0x0000000000009ce2                node_id_z1_restore
                0x0000000000009d2e                node_id_z1_burn
 .text          0x0000000000009d7c       0xac build/z1/contiki-ng-z1.a(uart0.o)
                0x0000000000009d7c                uart0_active
                0x0000000000009d8a                uart0_set_input
                0x0000000000009d90                uart0_writeb
                0x0000000000009da8                uart0_init
                0x0000000000009dfc                __isr_23
                0x0000000000009dfc                uart0_rx_interrupt
 .text          0x0000000000009e28       0x44 build/z1/contiki-ng-z1.a(rtimer-arch.o)
                0x0000000000009e28                __isr_25
                0x0000000000009e28                timera0
                0x0000000000009e4a                rtimer_arch_init
                0x0000000000009e58                rtimer_arch_now
                0x0000000000009e66                rtimer_arch_schedule
 .text          0x0000000000009e6c       0xb2 build/z1/contiki-ng-z1.a(stimer.o)
                0x0000000000009e6c                stimer_set
                0x0000000000009e88                stimer_restart
                0x0000000000009e9c                stimer_expired
                0x0000000000009ecc                stimer_reset
                0x0000000000009ee8                stimer_remaining
                0x0000000000009f0c                stimer_elapsed
 .text          0x0000000000009f1e       0xfa build/z1/contiki-ng-z1.a(memb.o)
                0x0000000000009f1e                memb_init
                0x0000000000009f54                memb_alloc
                0x0000000000009f92                memb_free
                0x0000000000009fc4                memb_inmemb
                0x0000000000009ff2                memb_numfree
 .text          0x000000000000a018      0x5a8 build/z1/contiki-ng-z1.a(nbr-table.o)
                0x000000000000a22a                nbr_table_count_entries
                0x000000000000a23e                nbr_table_gc_get_worst
                0x000000000000a25e                nbr_table_can_accept_new
                0x000000000000a262                nbr_table_is_registered
                0x000000000000a288                nbr_table_register
                0x000000000000a2c4                nbr_table_next
                0x000000000000a33c                nbr_table_head
                0x000000000000a36e                nbr_table_get_from_lladdr
                0x000000000000a42c                nbr_table_add_lladdr
                0x000000000000a4f4                nbr_table_entry_is_allowed
                0x000000000000a4fc                nbr_table_remove
                0x000000000000a526                nbr_table_lock
                0x000000000000a536                nbr_table_unlock
                0x000000000000a546                nbr_table_get_lladdr
                0x000000000000a59a                nbr_table_clear
                0x000000000000a5b0                nbr_table_key_head
                0x000000000000a5ba                nbr_table_key_next
 .text          0x000000000000a5c0      0x27e build/z1/contiki-ng-z1.a(link-stats.o)
                0x000000000000a5ec                link_stats_from_lladdr
                0x000000000000a5f8                link_stats_get_lladdr
                0x000000000000a604                link_stats_is_fresh
                0x000000000000a632                guess_etx_from_rssi
                0x000000000000a674                link_stats_packet_sent
                0x000000000000a748                link_stats_input_callback
                0x000000000000a7f2                link_stats_reset
                0x000000000000a81c                link_stats_init
 .text          0x000000000000a83e       0xea build/z1/contiki-ng-z1.a(mac-sequence.o)
                0x000000000000a83e                mac_sequence_is_duplicate
                0x000000000000a8a0                mac_sequence_register_seqno
 .text          0x000000000000a928       0x14 build/z1/contiki-ng-z1.a(mac.o)
                0x000000000000a928                mac_call_sent_callback
 .text          0x000000000000a93c      0x236 build/z1/contiki-ng-z1.a(framer-802154.o)
                0x000000000000a9d8                framer_802154_setup_params
 .text          0x000000000000ab72      0x5f4 build/z1/contiki-ng-z1.a(frame802154.o)
                0x000000000000ab72                frame802154_get_pan_id
                0x000000000000ab78                frame802154_set_pan_id
                0x000000000000ab7e                frame802154_has_panid
                0x000000000000ad08                frame802154_check_dest_panid
                0x000000000000ad40                frame802154_is_broadcast_addr
                0x000000000000ad64                frame802154_extract_linkaddr
                0x000000000000adf0                frame802154_hdrlen
                0x000000000000ae22                frame802154_create_fcf
                0x000000000000ae90                frame802154_create
                0x000000000000af64                frame802154_parse_fcf
                0x000000000000afee                frame802154_parse
 .text          0x000000000000b166       0x16 build/z1/contiki-ng-z1.a(csma-security.o)
                0x000000000000b166                csma_security_create_frame
                0x000000000000b176                csma_security_parse_frame
 .text          0x000000000000b17c      0x20c build/z1/contiki-ng-z1.a(uipbuf.o)
                0x000000000000b17c                uipbuf_add_ext_hdr
                0x000000000000b198                uipbuf_set_len
                0x000000000000b1aa                uipbuf_set_len_field
                0x000000000000b1b8                uipbuf_get_len_field
                0x000000000000b1c6                uipbuf_get_next_header
                0x000000000000b228                uipbuf_get_last_header
                0x000000000000b286                uipbuf_search_header
                0x000000000000b2f2                uipbuf_get_attr
                0x000000000000b304                uipbuf_set_attr
                0x000000000000b318                uipbuf_set_default_attr
                0x000000000000b32c                uipbuf_clear_attr
                0x000000000000b33e                uipbuf_clear
                0x000000000000b350                uipbuf_set_attr_flag
                0x000000000000b356                uipbuf_clr_attr_flag
                0x000000000000b35c                uipbuf_is_attr_flag
                0x000000000000b36e                uipbuf_init
 .text          0x000000000000b388      0x320 build/z1/contiki-ng-z1.a(uip-icmp6.o)
                0x000000000000b46e                uip_icmp6_input
                0x000000000000b4ae                uip_icmp6_register_input_handler
                0x000000000000b4ba                uip_icmp6_error_output
                0x000000000000b5f0                uip_icmp6_send
                0x000000000000b672                uip_icmp6_echo_reply_callback_add
                0x000000000000b68a                uip_icmp6_echo_reply_callback_rm
                0x000000000000b696                uip_icmp6_init
 .text          0x000000000000b6a8      0x346 build/z1/contiki-ng-z1.a(uip-sr.o)
                0x000000000000b6a8                uip_sr_num_nodes
                0x000000000000b6ae                uip_sr_get_node
                0x000000000000b6fa                uip_sr_is_addr_reachable
                0x000000000000b744                uip_sr_expire_parent
                0x000000000000b792                uip_sr_update_node
                0x000000000000b83e                uip_sr_init
                0x000000000000b854                uip_sr_node_head
                0x000000000000b85e                uip_sr_node_next
                0x000000000000b864                uip_sr_periodic
                0x000000000000b8ee                uip_sr_free_all
                0x000000000000b926                uip_sr_link_snprint
 .text          0x000000000000b9ee      0x824 build/z1/contiki-ng-z1.a(rpl-icmp6.o)
                0x000000000000be68                rpl_icmp6_update_nbr_table
                0x000000000000be96                rpl_icmp6_dis_output
                0x000000000000beca                rpl_icmp6_dio_output
                0x000000000000c0dc                rpl_icmp6_dao_output
                0x000000000000c1b0                rpl_icmp6_dao_ack_output
                0x000000000000c1f0                rpl_icmp6_init
 .text          0x000000000000c212      0x48c build/z1/contiki-ng-z1.a(rpl-neighbor.o)
                0x000000000000c272                rpl_neighbor_count
                0x000000000000c29e                rpl_neighbor_get_from_lladdr
                0x000000000000c2aa                rpl_neighbor_is_acceptable_parent
                0x000000000000c2c6                rpl_neighbor_get_link_metric
                0x000000000000c2e2                rpl_neighbor_rank_via_nbr
                0x000000000000c2fe                rpl_neighbor_get_lladdr
                0x000000000000c30a                rpl_neighbor_get_ipaddr
                0x000000000000c314                rpl_neighbor_get_link_stats
                0x000000000000c31e                rpl_neighbor_is_fresh
                0x000000000000c392                rpl_neighbor_snprint
                0x000000000000c560                rpl_neighbor_print_list
                0x000000000000c59a                rpl_neighbor_is_parent
                0x000000000000c5b2                rpl_neighbor_set_preferred_parent
                0x000000000000c5fa                rpl_neighbor_remove_all
                0x000000000000c62a                rpl_neighbor_get_from_ipaddr
                0x000000000000c63e                rpl_neighbor_select_best
                0x000000000000c690                rpl_neighbor_init
 .text          0x000000000000c69e      0x7b0 build/z1/contiki-ng-z1.a(rpl-dag.o)
                0x000000000000c7a6                rpl_dag_state_to_str
                0x000000000000c7b8                rpl_dag_get_root_ipaddr
                0x000000000000c7da                rpl_dag_leave
                0x000000000000c826                rpl_dag_poison_and_leave
                0x000000000000c832                rpl_dag_periodic
                0x000000000000c89c                rpl_is_addr_in_our_dag
                0x000000000000c8c2                rpl_get_default_instance
                0x000000000000c8d2                rpl_get_any_dag
                0x000000000000c8e2                rpl_refresh_routes
                0x000000000000c906                rpl_local_repair
                0x000000000000c930                rpl_global_repair
                0x000000000000c95e                rpl_dag_ready_to_advertise
                0x000000000000c984                rpl_dag_update_state
                0x000000000000cabc                rpl_process_dio
                0x000000000000cc96                rpl_process_dis
                0x000000000000ccc0                rpl_process_dao
                0x000000000000cd1c                rpl_process_dao_ack
                0x000000000000cd6c                rpl_process_hbh
                0x000000000000cd92                rpl_dag_init_root
                0x000000000000ce3e                rpl_dag_init
 .text          0x000000000000ce4e      0x5b0 build/z1/contiki-ng-z1.a(rpl-timers.o)
                0x000000000000cff4                rpl_timers_schedule_periodic_dis
                0x000000000000d090                rpl_timers_dio_reset
                0x000000000000d0be                rpl_timers_schedule_unicast_dio
                0x000000000000d0de                rpl_timers_schedule_dao
                0x000000000000d118                rpl_timers_schedule_dao_ack
                0x000000000000d14c                rpl_timers_notify_dao_ack
                0x000000000000d1bc                get_probing_delay
                0x000000000000d1d8                get_probing_target
                0x000000000000d2b0                rpl_schedule_probing
                0x000000000000d2f6                rpl_schedule_probing_now
                0x000000000000d324                rpl_timers_unschedule_leaving
                0x000000000000d340                rpl_timers_schedule_leaving
                0x000000000000d36a                rpl_timers_init
                0x000000000000d386                rpl_timers_stop_dag_timers
                0x000000000000d3d2                rpl_timers_unschedule_state_update
                0x000000000000d3e2                rpl_timers_schedule_state_update
 .text          0x000000000000d3fe      0x63c build/z1/contiki-ng-z1.a(rpl-ext-header.)
                0x000000000000d44c                rpl_ext_header_srh_get_next_hop
                0x000000000000d4ca                rpl_ext_header_srh_update
                0x000000000000d5ea                rpl_ext_header_hbh_update
                0x000000000000d67a                rpl_ext_header_remove
                0x000000000000d7b0                rpl_ext_header_update
 .text          0x000000000000da3a       0x36 build/z1/contiki-ng-z1.a(rpl-nbr-policy.)
                0x000000000000da50                rpl_nbr_gc_get_worst
 .text          0x000000000000da70      0x192 build/z1/contiki-ng-z1.a(rpl-mrhof.o)
 .text          0x000000000000dc02        0x0 /usr/lib/gcc/msp430/4.6.3/mcpu-430x/mmpy-16/libgcc.a(_mulsi3.o)
 .text.libgcc   0x000000000000dc02       0x2a /usr/lib/gcc/msp430/4.6.3/mcpu-430x/mmpy-16/libgcc.a(_mulsi3.o)
                0x000000000000dc02                __mulsi3
 .text          0x000000000000dc2c        0x0 /usr/lib/gcc/msp430/4.6.3/mcpu-430x/mmpy-16/libgcc.a(_udivmod16.o)
 .text.libgcc   0x000000000000dc2c       0x22 /usr/lib/gcc/msp430/4.6.3/mcpu-430x/mmpy-16/libgcc.a(_udivmod16.o)
                0x000000000000dc2c                __udivhi3
                0x000000000000dc2c                __ext_udivmod16
                0x000000000000dc46                __umodhi3
 .text          0x000000000000dc4e        0x0 /usr/lib/gcc/msp430/4.6.3/mcpu-430x/mmpy-16/libgcc.a(_divmod16.o)
 .text.libgcc   0x000000000000dc4e       0x3a /usr/lib/gcc/msp430/4.6.3/mcpu-430x/mmpy-16/libgcc.a(_divmod16.o)
                0x000000000000dc4e                __ext_divmod16
                0x000000000000dc4e                __divhi3
                0x000000000000dc80                __modhi3
 .text          0x000000000000dc88        0x0 /usr/lib/gcc/msp430/4.6.3/mcpu-430x/mmpy-16/libgcc.a(_udivmod32.o)
 .text.libgcc   0x000000000000dc88       0x38 /usr/lib/gcc/msp430/4.6.3/mcpu-430x/mmpy-16/libgcc.a(_udivmod32.o)
                0x000000000000dc88                __udivsi3
                0x000000000000dc88                __ext_udivmod32
                0x000000000000dcb6                __umodsi3
 .text          0x000000000000dcc0        0x0 /usr/lib/gcc/msp430/4.6.3/mcpu-430x/mmpy-16/libgcc.a(_divmod32.o)
 .text.libgcc   0x000000000000dcc0       0x4c /usr/lib/gcc/msp430/4.6.3/mcpu-430x/mmpy-16/libgcc.a(_divmod32.o)
                0x000000000000dcc0                __ext_divmod32
                0x000000000000dcc0                __divsi3
                0x000000000000dd02                __modsi3
 .text          0x000000000000dd0c       0x1e /usr/lib/gcc/msp430/4.6.3/../../../../msp430/lib/mcpu-430x/mmpy-16/libc.a(strcmp.o)
                0x000000000000dd0c                strcmp
 .text          0x000000000000dd2a       0x28 /usr/lib/gcc/msp430/4.6.3/../../../../msp430/lib/mcpu-430x/mmpy-16/libc.a(strncmp.o)
                0x000000000000dd2a                strncmp
 .text          0x000000000000dd52       0x20 /usr/lib/gcc/msp430/4.6.3/../../../../msp430/lib/mcpu-430x/mmpy-16/libc.a(memcmp.o)
                0x000000000000dd52                memcmp
 .text          0x000000000000dd72       0xe4 /usr/lib/gcc/msp430/4.6.3/../../../../msp430/lib/mcpu-430x/mmpy-16/libc.a(memcpy.o)
                0x000000000000dd72                memcpy
 .text          0x000000000000de56       0xe4 /usr/lib/gcc/msp430/4.6.3/../../../../msp430/lib/mcpu-430x/mmpy-16/libc.a(memmove.o)
                0x000000000000de56                memmove
 .text          0x000000000000df3a       0x5c /usr/lib/gcc/msp430/4.6.3/../../../../msp430/lib/mcpu-430x/mmpy-16/libc.a(memset.o)
                0x000000000000df3a                memset
 .text          0x000000000000df96       0x1e /usr/lib/gcc/msp430/4.6.3/../../../../msp430/lib/mcpu-430x/mmpy-16/libc.a(printf.o)
                0x000000000000df96                printf
                0x000000000000dfa6                vprintf
 .text          0x000000000000dfb4       0xb8 /usr/lib/gcc/msp430/4.6.3/../../../../msp430/lib/mcpu-430x/mmpy-16/libc.a(sprintf.o)
                0x000000000000e00e                sprintf
                0x000000000000e02a                snprintf
                0x000000000000e044                vsprintf
                0x000000000000e05a                vsnprintf
 .text          0x000000000000e06c      0x818 /usr/lib/gcc/msp430/4.6.3/../../../../msp430/lib/mcpu-430x/mmpy-16/libc.a(vuprintf.o)
                0x000000000000e1e8                vuprintf
 .text          0x000000000000e884       0x2c /usr/lib/gcc/msp430/4.6.3/../../../../msp430/lib/mcpu-430x/mmpy-16/libc.a(puts.o)
                0x000000000000e884                puts
 .text          0x000000000000e8b0       0x54 /usr/lib/gcc/msp430/4.6.3/../../../../msp430/lib/mcpu-430x/mmpy-16/libc.a(rand.o)
                0x000000000000e8b0                rand_r
                0x000000000000e8d4                rand
                0x000000000000e8fa                srand
 .text          0x000000000000e904        0x0 /usr/lib/gcc/msp430/4.6.3/mcpu-430x/mmpy-16/libgcc.a(_udivmod64.o)
 .text.libgcc   0x000000000000e904       0xbc /usr/lib/gcc/msp430/4.6.3/mcpu-430x/mmpy-16/libgcc.a(_udivmod64.o)
                0x000000000000e904                __xabi_udivmod64
                0x000000000000e956                __udivdi3
                0x000000000000e970                __umoddi3
                0x000000000000e992                __udivmoddi4
 .text          0x000000000000e9c0        0x0 /usr/lib/gcc/msp430/4.6.3/mcpu-430x/mmpy-16/libcrt0.a(_reset_vector__.o)
 .text          0x000000000000e9c0        0x0 /usr/lib/gcc/msp430/4.6.3/mcpu-430x/mmpy-16/libcrt0.a(__watchdog_support.o)
 .text          0x000000000000e9c0        0x0 /usr/lib/gcc/msp430/4.6.3/mcpu-430x/mmpy-16/libcrt0.a(__init_stack.o)
 .text          0x000000000000e9c0        0x0 /usr/lib/gcc/msp430/4.6.3/mcpu-430x/mmpy-16/libcrt0.a(__low_level_init.o)
 .text          0x000000000000e9c0        0x0 /usr/lib/gcc/msp430/4.6.3/mcpu-430x/mmpy-16/libcrt0.a(_copy_data.o)
 .text          0x000000000000e9c0        0x0 /usr/lib/gcc/msp430/4.6.3/mcpu-430x/mmpy-16/libcrt0.a(_clear_bss.o)
 .text          0x000000000000e9c0        0x0 /usr/lib/gcc/msp430/4.6.3/mcpu-430x/mmpy-16/libcrt0.a(__stop_progExec__.o)
 .text          0x000000000000e9c0        0x0 /usr/lib/gcc/msp430/4.6.3/mcpu-430x/mmpy-16/libcrt0.a(_endless_loop__.o)
 .text          0x000000000000e9c0        0x0 /usr/lib/gcc/msp430/4.6.3/mcpu-430x/mmpy-16/libcrt0.a(_unexpected_.o)
 .text.crt0     0x000000000000e9c0        0x2 /usr/lib/gcc/msp430/4.6.3/mcpu-430x/mmpy-16/libcrt0.a(_unexpected_.o)
                0x000000000000e9c0                _unexpected_
                0x000000000000e9c2                . = ALIGN (0x2)

.rodata         0x000000000000e9c2      0x5e0
                0x000000000000e9c2                . = ALIGN (0x2)
 *(.rodata .rodata.* .gnu.linkonce.r.*)
 .rodata        0x000000000000e9c2       0x30 led.o
                0x000000000000e9e2                autostart_processes
 .rodata        0x000000000000e9f2       0xf3 build/z1/obj/contiki-main.o
 .rodata        0x000000000000eae5        0x8 build/z1/contiki-ng-z1.a(sensors.o)
 *fill*         0x000000000000eaed        0x1 00
 .rodata        0x000000000000eaee       0x10 build/z1/contiki-ng-z1.a(button-sensor.o)
                0x000000000000eaf6                button_sensor
 .rodata        0x000000000000eafe       0x2e build/z1/contiki-ng-z1.a(adxl345.o)
                0x000000000000eb0e                adxl345
 .rodata        0x000000000000eb2c       0x16 build/z1/contiki-ng-z1.a(tmp102.o)
                0x000000000000eb3a                tmp102
 .rodata        0x000000000000eb42       0x30 build/z1/contiki-ng-z1.a(platform.o)
 .rodata        0x000000000000eb72        0xc build/z1/contiki-ng-z1.a(etimer.o)
 .rodata        0x000000000000eb7e       0xb6 build/z1/contiki-ng-z1.a(log.o)
 .rodata        0x000000000000ec34        0xf build/z1/contiki-ng-z1.a(ctimer.o)
 .rodata        0x000000000000ec43       0x6a build/z1/contiki-ng-z1.a(stack-check.o)
 *fill*         0x000000000000ecad        0x1 00
 .rodata        0x000000000000ecae        0x8 build/z1/contiki-ng-z1.a(linkaddr.o)
                0x000000000000ecae                linkaddr_null
 .rodata        0x000000000000ecb6       0x14 build/z1/contiki-ng-z1.a(csma.o)
                0x000000000000ecbc                csma_driver
 .rodata        0x000000000000ecca       0x2d build/z1/contiki-ng-z1.a(uiplib.o)
 .rodata        0x000000000000ecf7        0xd build/z1/contiki-ng-z1.a(tcpip.o)
 .rodata        0x000000000000ed04       0x26 build/z1/contiki-ng-z1.a(sicslowpan.o)
                0x000000000000ed10                sicslowpan_driver
                0x000000000000ed18                llprefix
                0x000000000000ed1a                unc_mxconf
                0x000000000000ed1e                unc_ctxconf
                0x000000000000ed22                unc_llconf
 .rodata        0x000000000000ed2a       0x34 build/z1/contiki-ng-z1.a(rpl.o)
                0x000000000000ed34                rpl_lite_driver
 .rodata        0x000000000000ed5e       0x2c build/z1/contiki-ng-z1.a(xmem.o)
 .rodata        0x000000000000ed8a       0x80 build/z1/contiki-ng-z1.a(cc2420.o)
                0x000000000000edcc                cc2420_aes_128_driver
                0x000000000000edd0                cc2420_driver
 .rodata        0x000000000000ee0a        0x6 build/z1/contiki-ng-z1.a(framer-802154.o)
                0x000000000000ee0a                framer_802154
 .rodata        0x000000000000ee10        0x2 build/z1/contiki-ng-z1.a(frame802154.o)
 .rodata        0x000000000000ee12       0x44 build/z1/contiki-ng-z1.a(uip-sr.o)
 .rodata        0x000000000000ee56       0x58 build/z1/contiki-ng-z1.a(rpl-neighbor.o)
 .rodata        0x000000000000eeae       0xe0 build/z1/contiki-ng-z1.a(rpl-dag.o)
 .rodata        0x000000000000ef8e        0xc build/z1/contiki-ng-z1.a(rpl-timers.o)
 .rodata        0x000000000000ef9a        0x7 /usr/lib/gcc/msp430/4.6.3/../../../../msp430/lib/mcpu-430x/mmpy-16/libc.a(vuprintf.o)
                0x000000000000efa2                . = ALIGN (0x2)
 *fill*         0x000000000000efa1        0x1 00
                0x000000000000efa2                _etext = .

.data           0x0000000000001100      0x160 load address 0x000000000000efa2
                0x0000000000001100                . = ALIGN (0x2)
                0x0000000000001100                PROVIDE (__data_start, .)
 *(.data .data.* .gnu.linkonce.d.*)
 .data          0x0000000000001100        0x0 /usr/lib/gcc/msp430/4.6.3/mcpu-430x/mmpy-16/crt0ivtbl32.o
 .data          0x0000000000001100        0xa led.o
                0x0000000000001100                led_process
 .data          0x000000000000110a        0x0 build/z1/obj/contiki-main.o
 .data          0x000000000000110a        0x0 build/z1/contiki-ng-z1.a(leds.o)
 .data          0x000000000000110a        0xa build/z1/contiki-ng-z1.a(sensors.o)
                0x000000000000110a                sensors_process
 .data          0x0000000000001114        0x0 build/z1/contiki-ng-z1.a(button-sensor.o)
 .data          0x0000000000001114        0x0 build/z1/contiki-ng-z1.a(uart0-putchar.o)
 .data          0x0000000000001114        0x8 build/z1/contiki-ng-z1.a(z1-sensors.o)
                0x0000000000001114                sensors
 .data          0x000000000000111c       0x20 build/z1/contiki-ng-z1.a(adxl345.o)
                0x000000000000111c                accmeter_process
 .data          0x000000000000113c        0x0 build/z1/contiki-ng-z1.a(tmp102.o)
 .data          0x000000000000113c        0x0 build/z1/contiki-ng-z1.a(platform.o)
 .data          0x000000000000113c        0x2 build/z1/contiki-ng-z1.a(msp430.o)
 .data          0x000000000000113e        0x0 build/z1/contiki-ng-z1.a(clock.o)
 .data          0x000000000000113e        0x0 build/z1/contiki-ng-z1.a(leds-arch.o)
 .data          0x000000000000113e        0x0 build/z1/contiki-ng-z1.a(watchdog.o)
 .data          0x000000000000113e        0x0 build/z1/contiki-ng-z1.a(autostart.o)
 .data          0x000000000000113e        0x0 build/z1/contiki-ng-z1.a(energest.o)
 .data          0x000000000000113e        0xa build/z1/contiki-ng-z1.a(etimer.o)
                0x000000000000113e                etimer_process
 .data          0x0000000000001148       0x50 build/z1/contiki-ng-z1.a(log.o)
                0x0000000000001148                all_modules
                0x0000000000001196                curr_log_level_main
 .data          0x0000000000001198        0xa build/z1/contiki-ng-z1.a(ctimer.o)
                0x0000000000001198                ctimer_process
 .data          0x00000000000011a2        0x0 build/z1/contiki-ng-z1.a(process.o)
 .data          0x00000000000011a2        0x0 build/z1/contiki-ng-z1.a(rtimer.o)
 .data          0x00000000000011a2        0x0 build/z1/contiki-ng-z1.a(node-id.o)
 .data          0x00000000000011a2        0x0 build/z1/contiki-ng-z1.a(timer.o)
 .data          0x00000000000011a2        0xa build/z1/contiki-ng-z1.a(stack-check.o)
                0x00000000000011a2                stack_check_process
 .data          0x00000000000011ac        0x0 build/z1/contiki-ng-z1.a(list.o)
 .data          0x00000000000011ac        0x0 build/z1/contiki-ng-z1.a(random.o)
 .data          0x00000000000011ac       0x10 build/z1/contiki-ng-z1.a(queuebuf.o)
 .data          0x00000000000011bc        0x0 build/z1/contiki-ng-z1.a(packetbuf.o)
 .data          0x00000000000011bc        0x0 build/z1/contiki-ng-z1.a(netstack.o)
 .data          0x00000000000011bc        0x0 build/z1/contiki-ng-z1.a(linkaddr.o)
 .data          0x00000000000011bc        0x0 build/z1/contiki-ng-z1.a(csma.o)
 .data          0x00000000000011bc       0x18 build/z1/contiki-ng-z1.a(csma-output.o)
 .data          0x00000000000011d4        0x0 build/z1/contiki-ng-z1.a(uip-ds6.o)
 .data          0x00000000000011d4        0x0 build/z1/contiki-ng-z1.a(uiplib.o)
 .data          0x00000000000011d4        0xa build/z1/contiki-ng-z1.a(tcpip.o)
                0x00000000000011d4                tcpip_process
 .data          0x00000000000011de        0x8 build/z1/contiki-ng-z1.a(uip-ds6-route.o)
 .data          0x00000000000011e6        0x8 build/z1/contiki-ng-z1.a(uip-ds6-nbr.o)
 .data          0x00000000000011ee        0x0 build/z1/contiki-ng-z1.a(uip6.o)
 .data          0x00000000000011ee        0x6 build/z1/contiki-ng-z1.a(uip-nd6.o)
 .data          0x00000000000011f4        0x0 build/z1/contiki-ng-z1.a(sicslowpan.o)
 .data          0x00000000000011f4        0x0 build/z1/contiki-ng-z1.a(rpl.o)
 .data          0x00000000000011f4        0x0 build/z1/contiki-ng-z1.a(rpl-dag-root.o)
 .data          0x00000000000011f4        0x0 build/z1/contiki-ng-z1.a(contiki-z1-plat)
 .data          0x00000000000011f4        0x0 build/z1/contiki-ng-z1.a(xmem.o)
 .data          0x00000000000011f4        0x1 build/z1/contiki-ng-z1.a(i2cmaster.o)
                0x00000000000011f4                prescale_lsb
 .data          0x00000000000011f5        0x0 build/z1/contiki-ng-z1.a(spi-legacy.o)
 *fill*         0x00000000000011f5        0x1 00
 .data          0x00000000000011f6        0xc build/z1/contiki-ng-z1.a(cc2420.o)
                0x00000000000011f6                cc2420_process
 .data          0x0000000000001202        0x0 build/z1/contiki-ng-z1.a(cc2420-arch.o)
 .data          0x0000000000001202        0x0 build/z1/contiki-ng-z1.a(node-id-z1.o)
 .data          0x0000000000001202        0x0 build/z1/contiki-ng-z1.a(uart0.o)
 .data          0x0000000000001202        0x0 build/z1/contiki-ng-z1.a(rtimer-arch.o)
 .data          0x0000000000001202        0x0 build/z1/contiki-ng-z1.a(stimer.o)
 .data          0x0000000000001202        0x0 build/z1/contiki-ng-z1.a(memb.o)
 .data          0x0000000000001202        0x8 build/z1/contiki-ng-z1.a(nbr-table.o)
 .data          0x000000000000120a        0x8 build/z1/contiki-ng-z1.a(link-stats.o)
 .data          0x0000000000001212        0x0 build/z1/contiki-ng-z1.a(mac-sequence.o)
 .data          0x0000000000001212        0x0 build/z1/contiki-ng-z1.a(mac.o)
 .data          0x0000000000001212        0x0 build/z1/contiki-ng-z1.a(framer-802154.o)
 .data          0x0000000000001212        0x2 build/z1/contiki-ng-z1.a(frame802154.o)
 .data          0x0000000000001214        0x0 build/z1/contiki-ng-z1.a(csma-security.o)
 .data          0x0000000000001214        0x0 build/z1/contiki-ng-z1.a(uipbuf.o)
 .data          0x0000000000001214        0xc build/z1/contiki-ng-z1.a(uip-icmp6.o)
 .data          0x0000000000001220        0x8 build/z1/contiki-ng-z1.a(uip-sr.o)
 .data          0x0000000000001228       0x18 build/z1/contiki-ng-z1.a(rpl-icmp6.o)
 .data          0x0000000000001240        0xa build/z1/contiki-ng-z1.a(rpl-neighbor.o)
                0x0000000000001240                rpl_neighbors
 .data          0x000000000000124a        0x0 build/z1/contiki-ng-z1.a(rpl-dag.o)
 .data          0x000000000000124a        0x0 build/z1/contiki-ng-z1.a(rpl-timers.o)
 .data          0x000000000000124a        0x0 build/z1/contiki-ng-z1.a(rpl-ext-header.)
 .data          0x000000000000124a        0x0 build/z1/contiki-ng-z1.a(rpl-nbr-policy.)
 .data          0x000000000000124a       0x12 build/z1/contiki-ng-z1.a(rpl-mrhof.o)
                0x000000000000124a                rpl_mrhof
 .data          0x000000000000125c        0x0 /usr/lib/gcc/msp430/4.6.3/mcpu-430x/mmpy-16/libgcc.a(_mulsi3.o)
 .data          0x000000000000125c        0x0 /usr/lib/gcc/msp430/4.6.3/mcpu-430x/mmpy-16/libgcc.a(_udivmod16.o)
 .data          0x000000000000125c        0x0 /usr/lib/gcc/msp430/4.6.3/mcpu-430x/mmpy-16/libgcc.a(_divmod16.o)
 .data          0x000000000000125c        0x0 /usr/lib/gcc/msp430/4.6.3/mcpu-430x/mmpy-16/libgcc.a(_udivmod32.o)
 .data          0x000000000000125c        0x0 /usr/lib/gcc/msp430/4.6.3/mcpu-430x/mmpy-16/libgcc.a(_divmod32.o)
 .data          0x000000000000125c        0x0 /usr/lib/gcc/msp430/4.6.3/../../../../msp430/lib/mcpu-430x/mmpy-16/libc.a(strcmp.o)
 .data          0x000000000000125c        0x0 /usr/lib/gcc/msp430/4.6.3/../../../../msp430/lib/mcpu-430x/mmpy-16/libc.a(strncmp.o)
 .data          0x000000000000125c        0x0 /usr/lib/gcc/msp430/4.6.3/../../../../msp430/lib/mcpu-430x/mmpy-16/libc.a(memcmp.o)
 .data          0x000000000000125c        0x0 /usr/lib/gcc/msp430/4.6.3/../../../../msp430/lib/mcpu-430x/mmpy-16/libc.a(memcpy.o)
 .data          0x000000000000125c        0x0 /usr/lib/gcc/msp430/4.6.3/../../../../msp430/lib/mcpu-430x/mmpy-16/libc.a(memmove.o)
 .data          0x000000000000125c        0x0 /usr/lib/gcc/msp430/4.6.3/../../../../msp430/lib/mcpu-430x/mmpy-16/libc.a(memset.o)
 .data          0x000000000000125c        0x0 /usr/lib/gcc/msp430/4.6.3/../../../../msp430/lib/mcpu-430x/mmpy-16/libc.a(printf.o)
 .data          0x000000000000125c        0x0 /usr/lib/gcc/msp430/4.6.3/../../../../msp430/lib/mcpu-430x/mmpy-16/libc.a(sprintf.o)
 .data          0x000000000000125c        0x0 /usr/lib/gcc/msp430/4.6.3/../../../../msp430/lib/mcpu-430x/mmpy-16/libc.a(vuprintf.o)
 .data          0x000000000000125c        0x0 /usr/lib/gcc/msp430/4.6.3/../../../../msp430/lib/mcpu-430x/mmpy-16/libc.a(puts.o)
 .data          0x000000000000125c        0x4 /usr/lib/gcc/msp430/4.6.3/../../../../msp430/lib/mcpu-430x/mmpy-16/libc.a(rand.o)
 .data          0x0000000000001260        0x0 /usr/lib/gcc/msp430/4.6.3/mcpu-430x/mmpy-16/libgcc.a(_udivmod64.o)
 .data          0x0000000000001260        0x0 /usr/lib/gcc/msp430/4.6.3/mcpu-430x/mmpy-16/libcrt0.a(_reset_vector__.o)
 .data          0x0000000000001260        0x0 /usr/lib/gcc/msp430/4.6.3/mcpu-430x/mmpy-16/libcrt0.a(__watchdog_support.o)
 .data          0x0000000000001260        0x0 /usr/lib/gcc/msp430/4.6.3/mcpu-430x/mmpy-16/libcrt0.a(__init_stack.o)
 .data          0x0000000000001260        0x0 /usr/lib/gcc/msp430/4.6.3/mcpu-430x/mmpy-16/libcrt0.a(__low_level_init.o)
 .data          0x0000000000001260        0x0 /usr/lib/gcc/msp430/4.6.3/mcpu-430x/mmpy-16/libcrt0.a(_copy_data.o)
 .data          0x0000000000001260        0x0 /usr/lib/gcc/msp430/4.6.3/mcpu-430x/mmpy-16/libcrt0.a(_clear_bss.o)
 .data          0x0000000000001260        0x0 /usr/lib/gcc/msp430/4.6.3/mcpu-430x/mmpy-16/libcrt0.a(__stop_progExec__.o)
 .data          0x0000000000001260        0x0 /usr/lib/gcc/msp430/4.6.3/mcpu-430x/mmpy-16/libcrt0.a(_endless_loop__.o)
 .data          0x0000000000001260        0x0 /usr/lib/gcc/msp430/4.6.3/mcpu-430x/mmpy-16/libcrt0.a(_unexpected_.o)
                0x0000000000001260                . = ALIGN (0x2)
                0x0000000000001260                _edata = .
                0x000000000000efa2                PROVIDE (__data_load_start, LOADADDR (.data))
                0x0000000000000160                PROVIDE (__data_size, SIZEOF (.data))

.bss            0x0000000000001260     0x1650 load address 0x000000000000f102
                0x0000000000001260                PROVIDE (__bss_start, .)
 *(.bss .bss.*)
 .bss           0x0000000000001260        0x0 /usr/lib/gcc/msp430/4.6.3/mcpu-430x/mmpy-16/crt0ivtbl32.o
 .bss           0x0000000000001260        0x0 led.o
 .bss           0x0000000000001260        0x0 build/z1/obj/contiki-main.o
 .bss           0x0000000000001260        0x0 build/z1/contiki-ng-z1.a(leds.o)
 .bss           0x0000000000001260        0x6 build/z1/contiki-ng-z1.a(sensors.o)
 .bss           0x0000000000001266        0x8 build/z1/contiki-ng-z1.a(button-sensor.o)
 .bss           0x000000000000126e        0x0 build/z1/contiki-ng-z1.a(uart0-putchar.o)
 .bss           0x000000000000126e        0x0 build/z1/contiki-ng-z1.a(z1-sensors.o)
 .bss           0x000000000000126e       0x16 build/z1/contiki-ng-z1.a(adxl345.o)
 .bss           0x0000000000001284        0x1 build/z1/contiki-ng-z1.a(tmp102.o)
 *fill*         0x0000000000001285        0x1 00
 .bss           0x0000000000001286        0x8 build/z1/contiki-ng-z1.a(platform.o)
 .bss           0x000000000000128e        0x0 build/z1/contiki-ng-z1.a(msp430.o)
 .bss           0x000000000000128e        0xa build/z1/contiki-ng-z1.a(clock.o)
 .bss           0x0000000000001298        0x0 build/z1/contiki-ng-z1.a(leds-arch.o)
 .bss           0x0000000000001298        0x2 build/z1/contiki-ng-z1.a(watchdog.o)
 .bss           0x000000000000129a        0x0 build/z1/contiki-ng-z1.a(autostart.o)
 .bss           0x000000000000129a        0x0 build/z1/contiki-ng-z1.a(energest.o)
 .bss           0x000000000000129a        0x6 build/z1/contiki-ng-z1.a(etimer.o)
 .bss           0x00000000000012a0       0x16 build/z1/contiki-ng-z1.a(log.o)
                0x00000000000012a0                curr_log_level_lwm2m
                0x00000000000012a2                curr_log_level_snmp
                0x00000000000012a4                curr_log_level_coap
                0x00000000000012a6                curr_log_level_6top
                0x00000000000012a8                curr_log_level_framer
                0x00000000000012aa                curr_log_level_mac
                0x00000000000012ac                curr_log_level_nullnet
                0x00000000000012ae                curr_log_level_6lowpan
                0x00000000000012b0                curr_log_level_ipv6
                0x00000000000012b2                curr_log_level_tcpip
                0x00000000000012b4                curr_log_level_rpl
 .bss           0x00000000000012b6        0x4 build/z1/contiki-ng-z1.a(ctimer.o)
 .bss           0x00000000000012ba       0x38 build/z1/contiki-ng-z1.a(process.o)
                0x00000000000012ba                process_current
                0x00000000000012bc                process_list
 .bss           0x00000000000012f2        0x2 build/z1/contiki-ng-z1.a(rtimer.o)
 .bss           0x00000000000012f4        0x2 build/z1/contiki-ng-z1.a(node-id.o)
                0x00000000000012f4                node_id
 .bss           0x00000000000012f6        0x0 build/z1/contiki-ng-z1.a(timer.o)
 .bss           0x00000000000012f6        0xe build/z1/contiki-ng-z1.a(stack-check.o)
 .bss           0x0000000000001304        0x0 build/z1/contiki-ng-z1.a(list.o)
 .bss           0x0000000000001304        0x0 build/z1/contiki-ng-z1.a(random.o)
 .bss           0x0000000000001304      0x580 build/z1/contiki-ng-z1.a(queuebuf.o)
 .bss           0x0000000000001884       0x86 build/z1/contiki-ng-z1.a(packetbuf.o)
 .bss           0x000000000000190a        0x2 build/z1/contiki-ng-z1.a(netstack.o)
 .bss           0x000000000000190c        0x0 build/z1/contiki-ng-z1.a(linkaddr.o)
 .bss           0x000000000000190c        0x0 build/z1/contiki-ng-z1.a(csma.o)
 .bss           0x000000000000190c       0xbe build/z1/contiki-ng-z1.a(csma-output.o)
 .bss           0x00000000000019ca       0x28 build/z1/contiki-ng-z1.a(uip-ds6.o)
 .bss           0x00000000000019f2        0x0 build/z1/contiki-ng-z1.a(uiplib.o)
 .bss           0x00000000000019f2        0xc build/z1/contiki-ng-z1.a(tcpip.o)
 .bss           0x00000000000019fe       0x3c build/z1/contiki-ng-z1.a(uip-ds6-route.o)
 .bss           0x0000000000001a3a       0x90 build/z1/contiki-ng-z1.a(uip-ds6-nbr.o)
 .bss           0x0000000000001aca        0x8 build/z1/contiki-ng-z1.a(uip6.o)
                0x0000000000001aca                uip_last_proto
                0x0000000000001acc                uip_ext_len
                0x0000000000001ace                uip_ext_bitmap
 .bss           0x0000000000001ad2        0x8 build/z1/contiki-ng-z1.a(uip-nd6.o)
 .bss           0x0000000000001ada      0x6e0 build/z1/contiki-ng-z1.a(sicslowpan.o)
 .bss           0x00000000000021ba        0x1 build/z1/contiki-ng-z1.a(rpl.o)
 *fill*         0x00000000000021bb        0x1 00
 .bss           0x00000000000021bc       0x12 build/z1/contiki-ng-z1.a(rpl-dag-root.o)
 .bss           0x00000000000021ce        0x0 build/z1/contiki-ng-z1.a(contiki-z1-plat)
 .bss           0x00000000000021ce        0x0 build/z1/contiki-ng-z1.a(xmem.o)
 .bss           0x00000000000021ce        0x4 build/z1/contiki-ng-z1.a(i2cmaster.o)
                0x00000000000021ce                prescale_msb
 .bss           0x00000000000021d2        0x2 build/z1/contiki-ng-z1.a(spi-legacy.o)
                0x00000000000021d2                spi_busy
 .bss           0x00000000000021d4       0x10 build/z1/contiki-ng-z1.a(cc2420.o)
 .bss           0x00000000000021e4        0x0 build/z1/contiki-ng-z1.a(cc2420-arch.o)
 .bss           0x00000000000021e4        0x0 build/z1/contiki-ng-z1.a(node-id-z1.o)
 .bss           0x00000000000021e4        0x4 build/z1/contiki-ng-z1.a(uart0.o)
 .bss           0x00000000000021e8        0x0 build/z1/contiki-ng-z1.a(rtimer-arch.o)
 .bss           0x00000000000021e8        0x0 build/z1/contiki-ng-z1.a(stimer.o)
 .bss           0x00000000000021e8        0x0 build/z1/contiki-ng-z1.a(memb.o)
 .bss           0x00000000000021e8       0x7c build/z1/contiki-ng-z1.a(nbr-table.o)
 .bss           0x0000000000002264       0x50 build/z1/contiki-ng-z1.a(link-stats.o)
 .bss           0x00000000000022b4       0xe0 build/z1/contiki-ng-z1.a(mac-sequence.o)
 .bss           0x0000000000002394        0x0 build/z1/contiki-ng-z1.a(mac.o)
 .bss           0x0000000000002394        0x2 build/z1/contiki-ng-z1.a(framer-802154.o)
 .bss           0x0000000000002396        0x0 build/z1/contiki-ng-z1.a(frame802154.o)
 .bss           0x0000000000002396        0x0 build/z1/contiki-ng-z1.a(csma-security.o)
 .bss           0x0000000000002396       0x20 build/z1/contiki-ng-z1.a(uipbuf.o)
 .bss           0x00000000000023b6       0x14 build/z1/contiki-ng-z1.a(uip-icmp6.o)
 .bss           0x00000000000023ca       0x9c build/z1/contiki-ng-z1.a(uip-sr.o)
 .bss           0x0000000000002466        0x0 build/z1/contiki-ng-z1.a(rpl-icmp6.o)
 .bss           0x0000000000002466       0x40 build/z1/contiki-ng-z1.a(rpl-neighbor.o)
 .bss           0x00000000000024a6        0x0 build/z1/contiki-ng-z1.a(rpl-dag.o)
 .bss           0x00000000000024a6       0x28 build/z1/contiki-ng-z1.a(rpl-timers.o)
 .bss           0x00000000000024ce        0x0 build/z1/contiki-ng-z1.a(rpl-ext-header.)
 .bss           0x00000000000024ce        0x0 build/z1/contiki-ng-z1.a(rpl-nbr-policy.)
 .bss           0x00000000000024ce        0x0 build/z1/contiki-ng-z1.a(rpl-mrhof.o)
 .bss           0x00000000000024ce        0x0 /usr/lib/gcc/msp430/4.6.3/mcpu-430x/mmpy-16/libgcc.a(_mulsi3.o)
 .bss           0x00000000000024ce        0x0 /usr/lib/gcc/msp430/4.6.3/mcpu-430x/mmpy-16/libgcc.a(_udivmod16.o)
 .bss           0x00000000000024ce        0x0 /usr/lib/gcc/msp430/4.6.3/mcpu-430x/mmpy-16/libgcc.a(_divmod16.o)
 .bss           0x00000000000024ce        0x0 /usr/lib/gcc/msp430/4.6.3/mcpu-430x/mmpy-16/libgcc.a(_udivmod32.o)
 .bss           0x00000000000024ce        0x0 /usr/lib/gcc/msp430/4.6.3/mcpu-430x/mmpy-16/libgcc.a(_divmod32.o)
 .bss           0x00000000000024ce        0x0 /usr/lib/gcc/msp430/4.6.3/../../../../msp430/lib/mcpu-430x/mmpy-16/libc.a(strcmp.o)
 .bss           0x00000000000024ce        0x0 /usr/lib/gcc/msp430/4.6.3/../../../../msp430/lib/mcpu-430x/mmpy-16/libc.a(strncmp.o)
 .bss           0x00000000000024ce        0x0 /usr/lib/gcc/msp430/4.6.3/../../../../msp430/lib/mcpu-430x/mmpy-16/libc.a(memcmp.o)
 .bss           0x00000000000024ce        0x0 /usr/lib/gcc/msp430/4.6.3/../../../../msp430/lib/mcpu-430x/mmpy-16/libc.a(memcpy.o)
 .bss           0x00000000000024ce        0x0 /usr/lib/gcc/msp430/4.6.3/../../../../msp430/lib/mcpu-430x/mmpy-16/libc.a(memmove.o)
 .bss           0x00000000000024ce        0x0 /usr/lib/gcc/msp430/4.6.3/../../../../msp430/lib/mcpu-430x/mmpy-16/libc.a(memset.o)
 .bss           0x00000000000024ce        0x0 /usr/lib/gcc/msp430/4.6.3/../../../../msp430/lib/mcpu-430x/mmpy-16/libc.a(printf.o)
 .bss           0x00000000000024ce        0x4 /usr/lib/gcc/msp430/4.6.3/../../../../msp430/lib/mcpu-430x/mmpy-16/libc.a(sprintf.o)
 .bss           0x00000000000024d2        0x0 /usr/lib/gcc/msp430/4.6.3/../../../../msp430/lib/mcpu-430x/mmpy-16/libc.a(vuprintf.o)
 .bss           0x00000000000024d2        0x0 /usr/lib/gcc/msp430/4.6.3/../../../../msp430/lib/mcpu-430x/mmpy-16/libc.a(puts.o)
 .bss           0x00000000000024d2        0x0 /usr/lib/gcc/msp430/4.6.3/../../../../msp430/lib/mcpu-430x/mmpy-16/libc.a(rand.o)
 .bss           0x00000000000024d2        0x0 /usr/lib/gcc/msp430/4.6.3/mcpu-430x/mmpy-16/libgcc.a(_udivmod64.o)
 .bss           0x00000000000024d2        0x0 /usr/lib/gcc/msp430/4.6.3/mcpu-430x/mmpy-16/libcrt0.a(_reset_vector__.o)
 .bss           0x00000000000024d2        0x0 /usr/lib/gcc/msp430/4.6.3/mcpu-430x/mmpy-16/libcrt0.a(__watchdog_support.o)
 .bss           0x00000000000024d2        0x0 /usr/lib/gcc/msp430/4.6.3/mcpu-430x/mmpy-16/libcrt0.a(__init_stack.o)
 .bss           0x00000000000024d2        0x0 /usr/lib/gcc/msp430/4.6.3/mcpu-430x/mmpy-16/libcrt0.a(__low_level_init.o)
 .bss           0x00000000000024d2        0x0 /usr/lib/gcc/msp430/4.6.3/mcpu-430x/mmpy-16/libcrt0.a(_copy_data.o)
 .bss           0x00000000000024d2        0x0 /usr/lib/gcc/msp430/4.6.3/mcpu-430x/mmpy-16/libcrt0.a(_clear_bss.o)
 .bss           0x00000000000024d2        0x0 /usr/lib/gcc/msp430/4.6.3/mcpu-430x/mmpy-16/libcrt0.a(__stop_progExec__.o)
 .bss           0x00000000000024d2        0x0 /usr/lib/gcc/msp430/4.6.3/mcpu-430x/mmpy-16/libcrt0.a(_endless_loop__.o)
 .bss           0x00000000000024d2        0x0 /usr/lib/gcc/msp430/4.6.3/mcpu-430x/mmpy-16/libcrt0.a(_unexpected_.o)
 *(COMMON)
 COMMON         0x00000000000024d2        0x1 build/z1/contiki-ng-z1.a(sensors.o)
                0x00000000000024d2                sensors_event
 *fill*         0x00000000000024d3        0x1 00
 COMMON         0x00000000000024d4        0x4 build/z1/contiki-ng-z1.a(z1-sensors.o)
                0x00000000000024d4                sensors_flags
 COMMON         0x00000000000024d8        0x4 build/z1/contiki-ng-z1.a(adxl345.o)
                0x00000000000024d8                accm_int2_cb
                0x00000000000024da                accm_int1_cb
 COMMON         0x00000000000024dc        0x2 build/z1/contiki-ng-z1.a(msp430.o)
                0x00000000000024dc                msp430_dco_required
 COMMON         0x00000000000024de        0x1 build/z1/contiki-ng-z1.a(process.o)
                0x00000000000024de                process_maxevents
 *fill*         0x00000000000024df        0x1 00
 COMMON         0x00000000000024e0       0x2a build/z1/contiki-ng-z1.a(packetbuf.o)
                0x00000000000024e0                packetbuf_addrs
                0x00000000000024f0                packetbuf_attrs
 COMMON         0x000000000000250a        0x8 build/z1/contiki-ng-z1.a(linkaddr.o)
                0x000000000000250a                linkaddr_node_addr
 COMMON         0x0000000000002512      0x180 build/z1/contiki-ng-z1.a(uip-ds6.o)
                0x0000000000002512                uip_ds6_timer_ra
                0x000000000000251a                uip_ds6_if
                0x000000000000262a                uip_ds6_netif_addr_list_offset
                0x000000000000262b                uip_ds6_addr_size
                0x000000000000262c                uip_ds6_prefix_list
                0x0000000000002686                uip_ds6_timer_periodic
 COMMON         0x0000000000002692        0x1 build/z1/contiki-ng-z1.a(tcpip.o)
                0x0000000000002692                tcpip_event
 *fill*         0x0000000000002693        0x1 00
 COMMON         0x0000000000002694       0xd6 build/z1/contiki-ng-z1.a(uip6.o)
                0x0000000000002694                uip_len
                0x0000000000002696                uip_sappdata
                0x0000000000002698                uip_lladdr
                0x00000000000026a0                uip_aligned_buf
                0x000000000000272c                uip_flags
                0x000000000000272e                uip_udp_conn
                0x0000000000002730                uip_appdata
                0x0000000000002732                uip_conn
                0x0000000000002734                uip_slen
                0x0000000000002736                uip_udp_conns
 COMMON         0x000000000000276a       0x10 build/z1/contiki-ng-z1.a(rpl.o)
                0x000000000000276a                rpl_multicast_addr
 COMMON         0x000000000000277a       0x10 build/z1/contiki-ng-z1.a(i2cmaster.o)
                0x000000000000277a                transmit_data1
                0x000000000000277b                rx_byte_ctr
                0x000000000000277c                tx_buf_ptr
                0x000000000000277e                tx_byte_ctr
                0x0000000000002780                i
                0x0000000000002782                receive_data
                0x0000000000002784                rx_buf
                0x0000000000002786                transmit_data2
                0x0000000000002788                rx_buf_ptr
 COMMON         0x000000000000278a        0xc build/z1/contiki-ng-z1.a(cc2420.o)
                0x000000000000278a                cc2420_last_rssi
                0x000000000000278c                cc2420_sfd_start_time
                0x000000000000278e                cc2420_last_correlation
                0x0000000000002790                cc2420_authority_level_of_sender
                0x0000000000002792                cc2420_sfd_counter
                0x0000000000002794                cc2420_sfd_end_time
 COMMON         0x0000000000002796        0x8 build/z1/contiki-ng-z1.a(node-id-z1.o)
                0x0000000000002796                node_mac
 COMMON         0x000000000000279e       0x14 build/z1/contiki-ng-z1.a(link-stats.o)
                0x000000000000279e                periodic_timer
 COMMON         0x00000000000027b2       0xfe build/z1/contiki-ng-z1.a(rpl-dag.o)
                0x00000000000027b2                curr_instance
                0x00000000000028b0                . = ALIGN (0x2)
                0x00000000000028b0                PROVIDE (__bss_end, .)
                0x0000000000001650                PROVIDE (__bss_size, SIZEOF (.bss))

.noinit         0x00000000000028b0        0x2 load address 0x000000000000f102